../Core/Src/main.c:77:10:millis	16	static
../Core/Src/main.c:81:6:Delay_ms	16	static,ignoring_inline_asm
../Core/Src/main.c:91:6:accessData	8	static
../Core/Src/main.c:121:5:main	8	static
../Core/Src/main.c:207:6:SystemClock_Config	88	static
../Core/Src/main.c:253:13:MX_GPIO_Init	40	static
../Core/Src/main.c:299:6:StartDefaultTask	16	static
../Core/Src/main.c:317:6:RelLedFlash	16	static
../Core/Src/main.c:338:6:GreenLedFlash	16	static
../Core/Src/main.c:360:6:HAL_TIM_PeriodElapsedCallback	16	static
../Core/Src/main.c:377:6:Error_Handler	4	static,ignoring_inline_asm
